// Jest Snapshot v1, https://goo.gl/fbAQLP

exports[`<Button /> should take a snapshot 1`] = `
<View
  accessibilityState={
    {
      "busy": undefined,
      "checked": undefined,
      "disabled": false,
      "expanded": undefined,
      "selected": undefined,
    }
  }
  accessibilityValue={
    {
      "max": undefined,
      "min": undefined,
      "now": undefined,
      "text": undefined,
    }
  }
  accessible={true}
  collapsable={false}
  focusable={false}
  onClick={[Function]}
  onResponderGrant={[Function]}
  onResponderMove={[Function]}
  onResponderRelease={[Function]}
  onResponderTerminate={[Function]}
  onResponderTerminationRequest={[Function]}
  onStartShouldSetResponder={[Function]}
  style={
    {
      "alignItems": "center",
      "backgroundColor": "rgb(31, 136, 61)",
      "borderRadius": 6,
      "height": 40,
      "justifyContent": "center",
      "opacity": 1,
      "padding": 10,
      "width": "100%",
    }
  }
>
  <Text
    style={
      {
        "color": "#FFFFFF",
        "fontSize": 14,
        "fontWeight": "600",
      }
    }
  >
    Click me
  </Text>
</View>
`;
